// Jest Snapshot v1, https://goo.gl/fbAQLP

exports[`should render NotFound correctly 1`] = `
<div>
  404 Not found
  <br />
  <[object Object]
    to="/"
  >
    Back to home
  </[object Object]>
</div>
`;
