// Jest Snapshot v1, https://goo.gl/fbAQLP

exports[`should render EditExpense correctly 1`] = `undefined`;
