// Jest Snapshot v1, https://goo.gl/fbAQLP

exports[`Should correctly render ExpenseSummary with 1 expense 1`] = `
<div>
  <h3>
    View 
     
    expenses
     totalling 
    $00.00
  </h3>
</div>
`;

exports[`Should correctly render ExpenseSummary with multiple expenses 1`] = `
<div>
  <h3>
    View 
     
    expenses
     totalling 
    $00.00
  </h3>
</div>
`;
