// Jest Snapshot v1, https://goo.gl/fbAQLP

exports[`should render ExpenseListItems correctly 1`] = `
<div>
  <[object Object]
    to="/edit/1"
  >
    <h3>
      Gum
    </h3>
  </[object Object]>
  <p>
    $195.00
     - 
    01/01/1970
  </p>
</div>
`;
